java.activation
java.base
java.compiler
java.desktop
java.instrument
java.logging
java.management
java.naming
java.security.jgss
java.sql
java.xml
java.xml.bind
jdk.compiler
jdk.management
jdk.sctp
jdk.unsupported
